[
  {
    "Name": "github.com/luno/depgraph",
    "Children": [
      {
        "Name": "github.com/luno/depgraph/testdata/childa",
        "Height": 0,
        "Parents": 1
      },
      {
        "Name": "github.com/luno/depgraph/testdata/childb",
        "Height": 0,
        "Parents": 2
      }
    ],
    "Descendants": {
      "github.com/luno/depgraph/testdata/childa": true,
      "github.com/luno/depgraph/testdata/childb": true
    },
    "FileImports": {
      "root.go": [
        "github.com/luno/depgraph/testdata/childa",
        "github.com/luno/depgraph/testdata/childb"
      ]
    },
    "Height": 1,
    "Parents": 0
  },
  {
    "Name": "github.com/luno/depgraph/childa",
    "Children": [
      {
        "Name": "github.com/luno/depgraph/testdata/childb",
        "Height": 0,
        "Parents": 2
      }
    ],
    "Descendants": {
      "github.com/luno/depgraph/testdata/childb": true
    },
    "FileImports": {
      "childa/childa.go": [
        "github.com/luno/depgraph/testdata/childb"
      ],
      "childa/notag.go": null
    },
    "Height": 1,
    "Parents": 0
  },
  {
    "Name": "github.com/luno/depgraph/childb",
    "FileImports": {
      "childb/childb.go": null
    },
    "Height": 0,
    "Parents": 0
  }
]