[
  {
    "Name": "github.com/luno/depgraph",
    "Children": [
      {
        "Name": "github.com/luno/depgraph/testdata/childa",
        "Height": 0,
        "Parents": 1
      },
      {
        "Name": "github.com/luno/depgraph/testdata/childb",
        "Height": 0,
        "Parents": 2
      }
    ],
    "Descendants": {
      "github.com/luno/depgraph/testdata/childa": true,
      "github.com/luno/depgraph/testdata/childb": true
    },
    "FileImports": {
      "root.go": [
        "github.com/luno/depgraph/testdata/childa",
        "github.com/luno/depgraph/testdata/childb"
      ]
    },
    "Height": 1,
    "Parents": 0
  },
  {
    "Name": "github.com/luno/depgraph/childa",
    "Children": [
      {
        "Name": "fmt",
        "Height": 0,
        "Parents": 1
      },
      {
        "Name": "github.com/luno/depgraph/testdata/childb",
        "Height": 0,
        "Parents": 2
      },
      {
        "Name": "github.com/luno/jettison/errors",
        "Height": 0,
        "Parents": 1
      },
      {
        "Name": "hash",
        "Height": 0,
        "Parents": 1
      },
      {
        "Name": "os",
        "Height": 0,
        "Parents": 2
      }
    ],
    "Descendants": {
      "fmt": true,
      "github.com/luno/depgraph/testdata/childb": true,
      "github.com/luno/jettison/errors": true,
      "hash": true,
      "os": true
    },
    "FileImports": {
      "childa/childa.go": [
        "fmt",
        "github.com/luno/depgraph/testdata/childb",
        "github.com/luno/jettison/errors"
      ],
      "childa/notag.go": [
        "hash",
        "os"
      ]
    },
    "Height": 1,
    "Parents": 0
  },
  {
    "Name": "github.com/luno/depgraph/childb",
    "Children": [
      {
        "Name": "os",
        "Height": 0,
        "Parents": 2
      }
    ],
    "Descendants": {
      "os": true
    },
    "FileImports": {
      "childb/childb.go": [
        "os"
      ]
    },
    "Height": 0,
    "Parents": 0
  }
]